<?xml version="1.0" encoding="ISO-8859-1" ?>
<link_info>
   <banner>MSP430 Linker PC v18.1.5.LTS</banner>
   <copyright>Copyright (c) 2003-2018 Texas Instruments Incorporated</copyright>
   <link_time>0x5cf783a4</link_time>
   <link_errors>0x0</link_errors>
   <output_file>Uebung7_ADC.out</output_file>
   <entry_point>
      <name>_c_int00_noargs</name>
      <address>0x44ae</address>
   </entry_point>
   <input_file_list>
      <input_file id="fl-2">
         <path>.\</path>
         <kind>object</kind>
         <file>main.obj</file>
         <name>main.obj</name>
      </input_file>
      <input_file id="fl-3">
         <path>.\ADC\</path>
         <kind>object</kind>
         <file>adc.obj</file>
         <name>adc.obj</name>
      </input_file>
      <input_file id="fl-4">
         <path>.\CLK\</path>
         <kind>object</kind>
         <file>clock.obj</file>
         <name>clock.obj</name>
      </input_file>
      <input_file id="fl-5">
         <path>.\Functions\</path>
         <kind>object</kind>
         <file>catchUnwantedInterrupts.obj</file>
         <name>catchUnwantedInterrupts.obj</name>
      </input_file>
      <input_file id="fl-6">
         <path>.\Functions\</path>
         <kind>object</kind>
         <file>functions.obj</file>
         <name>functions.obj</name>
      </input_file>
      <input_file id="fl-7">
         <path>.\Timer\</path>
         <kind>object</kind>
         <file>timer.obj</file>
         <name>timer.obj</name>
      </input_file>
      <input_file id="fl-8">
         <path>.\UART\</path>
         <kind>object</kind>
         <file>uart.obj</file>
         <name>uart.obj</name>
      </input_file>
      <input_file id="fl-e">
         <kind>object</kind>
         <file>&lt;internal&gt;</file>
         <name>&lt;internal&gt;</name>
      </input_file>
      <input_file id="fl-29">
         <path>C:\ti\ccsv8\tools\compiler\ti-cgt-msp430_18.1.5.LTS\lib\</path>
         <kind>archive</kind>
         <file>rts430x_lc_rd_eabi.lib</file>
         <name>e_pow.c.obj</name>
      </input_file>
      <input_file id="fl-2a">
         <path>C:\ti\ccsv8\tools\compiler\ti-cgt-msp430_18.1.5.LTS\lib\</path>
         <kind>archive</kind>
         <file>rts430x_lc_rd_eabi.lib</file>
         <name>e_sqrt.c.obj</name>
      </input_file>
      <input_file id="fl-2b">
         <path>C:\ti\ccsv8\tools\compiler\ti-cgt-msp430_18.1.5.LTS\lib\</path>
         <kind>archive</kind>
         <file>rts430x_lc_rd_eabi.lib</file>
         <name>s_scalbn.c.obj</name>
      </input_file>
      <input_file id="fl-2c">
         <path>C:\ti\ccsv8\tools\compiler\ti-cgt-msp430_18.1.5.LTS\lib\</path>
         <kind>archive</kind>
         <file>rts430x_lc_rd_eabi.lib</file>
         <name>asr32.asm.obj</name>
      </input_file>
      <input_file id="fl-2d">
         <path>C:\ti\ccsv8\tools\compiler\ti-cgt-msp430_18.1.5.LTS\lib\</path>
         <kind>archive</kind>
         <file>rts430x_lc_rd_eabi.lib</file>
         <name>div32u.asm.obj</name>
      </input_file>
      <input_file id="fl-2e">
         <path>C:\ti\ccsv8\tools\compiler\ti-cgt-msp430_18.1.5.LTS\lib\</path>
         <kind>archive</kind>
         <file>rts430x_lc_rd_eabi.lib</file>
         <name>int41.asm.obj</name>
      </input_file>
      <input_file id="fl-2f">
         <path>C:\ti\ccsv8\tools\compiler\ti-cgt-msp430_18.1.5.LTS\lib\</path>
         <kind>archive</kind>
         <file>rts430x_lc_rd_eabi.lib</file>
         <name>int42.asm.obj</name>
      </input_file>
      <input_file id="fl-30">
         <path>C:\ti\ccsv8\tools\compiler\ti-cgt-msp430_18.1.5.LTS\lib\</path>
         <kind>archive</kind>
         <file>rts430x_lc_rd_eabi.lib</file>
         <name>int43.asm.obj</name>
      </input_file>
      <input_file id="fl-31">
         <path>C:\ti\ccsv8\tools\compiler\ti-cgt-msp430_18.1.5.LTS\lib\</path>
         <kind>archive</kind>
         <file>rts430x_lc_rd_eabi.lib</file>
         <name>int44.asm.obj</name>
      </input_file>
      <input_file id="fl-32">
         <path>C:\ti\ccsv8\tools\compiler\ti-cgt-msp430_18.1.5.LTS\lib\</path>
         <kind>archive</kind>
         <file>rts430x_lc_rd_eabi.lib</file>
         <name>int45.asm.obj</name>
      </input_file>
      <input_file id="fl-33">
         <path>C:\ti\ccsv8\tools\compiler\ti-cgt-msp430_18.1.5.LTS\lib\</path>
         <kind>archive</kind>
         <file>rts430x_lc_rd_eabi.lib</file>
         <name>int47.asm.obj</name>
      </input_file>
      <input_file id="fl-34">
         <path>C:\ti\ccsv8\tools\compiler\ti-cgt-msp430_18.1.5.LTS\lib\</path>
         <kind>archive</kind>
         <file>rts430x_lc_rd_eabi.lib</file>
         <name>int48.asm.obj</name>
      </input_file>
      <input_file id="fl-35">
         <path>C:\ti\ccsv8\tools\compiler\ti-cgt-msp430_18.1.5.LTS\lib\</path>
         <kind>archive</kind>
         <file>rts430x_lc_rd_eabi.lib</file>
         <name>int50.asm.obj</name>
      </input_file>
      <input_file id="fl-36">
         <path>C:\ti\ccsv8\tools\compiler\ti-cgt-msp430_18.1.5.LTS\lib\</path>
         <kind>archive</kind>
         <file>rts430x_lc_rd_eabi.lib</file>
         <name>int51.asm.obj</name>
      </input_file>
      <input_file id="fl-37">
         <path>C:\ti\ccsv8\tools\compiler\ti-cgt-msp430_18.1.5.LTS\lib\</path>
         <kind>archive</kind>
         <file>rts430x_lc_rd_eabi.lib</file>
         <name>int52.asm.obj</name>
      </input_file>
      <input_file id="fl-38">
         <path>C:\ti\ccsv8\tools\compiler\ti-cgt-msp430_18.1.5.LTS\lib\</path>
         <kind>archive</kind>
         <file>rts430x_lc_rd_eabi.lib</file>
         <name>int53.asm.obj</name>
      </input_file>
      <input_file id="fl-39">
         <path>C:\ti\ccsv8\tools\compiler\ti-cgt-msp430_18.1.5.LTS\lib\</path>
         <kind>archive</kind>
         <file>rts430x_lc_rd_eabi.lib</file>
         <name>int55.asm.obj</name>
      </input_file>
      <input_file id="fl-3a">
         <path>C:\ti\ccsv8\tools\compiler\ti-cgt-msp430_18.1.5.LTS\lib\</path>
         <kind>archive</kind>
         <file>rts430x_lc_rd_eabi.lib</file>
         <name>int56.asm.obj</name>
      </input_file>
      <input_file id="fl-3b">
         <path>C:\ti\ccsv8\tools\compiler\ti-cgt-msp430_18.1.5.LTS\lib\</path>
         <kind>archive</kind>
         <file>rts430x_lc_rd_eabi.lib</file>
         <name>int57.asm.obj</name>
      </input_file>
      <input_file id="fl-3c">
         <path>C:\ti\ccsv8\tools\compiler\ti-cgt-msp430_18.1.5.LTS\lib\</path>
         <kind>archive</kind>
         <file>rts430x_lc_rd_eabi.lib</file>
         <name>int58.asm.obj</name>
      </input_file>
      <input_file id="fl-3d">
         <path>C:\ti\ccsv8\tools\compiler\ti-cgt-msp430_18.1.5.LTS\lib\</path>
         <kind>archive</kind>
         <file>rts430x_lc_rd_eabi.lib</file>
         <name>int59.asm.obj</name>
      </input_file>
      <input_file id="fl-3e">
         <path>C:\ti\ccsv8\tools\compiler\ti-cgt-msp430_18.1.5.LTS\lib\</path>
         <kind>archive</kind>
         <file>rts430x_lc_rd_eabi.lib</file>
         <name>int60.asm.obj</name>
      </input_file>
      <input_file id="fl-3f">
         <path>C:\ti\ccsv8\tools\compiler\ti-cgt-msp430_18.1.5.LTS\lib\</path>
         <kind>archive</kind>
         <file>rts430x_lc_rd_eabi.lib</file>
         <name>int61.asm.obj</name>
      </input_file>
      <input_file id="fl-40">
         <path>C:\ti\ccsv8\tools\compiler\ti-cgt-msp430_18.1.5.LTS\lib\</path>
         <kind>archive</kind>
         <file>rts430x_lc_rd_eabi.lib</file>
         <name>int62.asm.obj</name>
      </input_file>
      <input_file id="fl-41">
         <path>C:\ti\ccsv8\tools\compiler\ti-cgt-msp430_18.1.5.LTS\lib\</path>
         <kind>archive</kind>
         <file>rts430x_lc_rd_eabi.lib</file>
         <name>isr_trap.asm.obj</name>
      </input_file>
      <input_file id="fl-42">
         <path>C:\ti\ccsv8\tools\compiler\ti-cgt-msp430_18.1.5.LTS\lib\</path>
         <kind>archive</kind>
         <file>rts430x_lc_rd_eabi.lib</file>
         <name>lsl32.asm.obj</name>
      </input_file>
      <input_file id="fl-43">
         <path>C:\ti\ccsv8\tools\compiler\ti-cgt-msp430_18.1.5.LTS\lib\</path>
         <kind>archive</kind>
         <file>rts430x_lc_rd_eabi.lib</file>
         <name>lsr32.asm.obj</name>
      </input_file>
      <input_file id="fl-44">
         <path>C:\ti\ccsv8\tools\compiler\ti-cgt-msp430_18.1.5.LTS\lib\</path>
         <kind>archive</kind>
         <file>rts430x_lc_rd_eabi.lib</file>
         <name>mult16_f5hw.asm.obj</name>
      </input_file>
      <input_file id="fl-45">
         <path>C:\ti\ccsv8\tools\compiler\ti-cgt-msp430_18.1.5.LTS\lib\</path>
         <kind>archive</kind>
         <file>rts430x_lc_rd_eabi.lib</file>
         <name>mult1632_f5hw.asm.obj</name>
      </input_file>
      <input_file id="fl-46">
         <path>C:\ti\ccsv8\tools\compiler\ti-cgt-msp430_18.1.5.LTS\lib\</path>
         <kind>archive</kind>
         <file>rts430x_lc_rd_eabi.lib</file>
         <name>mult32.asm.obj</name>
      </input_file>
      <input_file id="fl-47">
         <path>C:\ti\ccsv8\tools\compiler\ti-cgt-msp430_18.1.5.LTS\lib\</path>
         <kind>archive</kind>
         <file>rts430x_lc_rd_eabi.lib</file>
         <name>mult32_f5hw.asm.obj</name>
      </input_file>
      <input_file id="fl-48">
         <path>C:\ti\ccsv8\tools\compiler\ti-cgt-msp430_18.1.5.LTS\lib\</path>
         <kind>archive</kind>
         <file>rts430x_lc_rd_eabi.lib</file>
         <name>mult3264_f5hw.asm.obj</name>
      </input_file>
      <input_file id="fl-49">
         <path>C:\ti\ccsv8\tools\compiler\ti-cgt-msp430_18.1.5.LTS\lib\</path>
         <kind>archive</kind>
         <file>rts430x_lc_rd_eabi.lib</file>
         <name>mult64_f5hw.asm.obj</name>
      </input_file>
      <input_file id="fl-4a">
         <path>C:\ti\ccsv8\tools\compiler\ti-cgt-msp430_18.1.5.LTS\lib\</path>
         <kind>archive</kind>
         <file>rts430x_lc_rd_eabi.lib</file>
         <name>boot.c.obj</name>
      </input_file>
      <input_file id="fl-4b">
         <path>C:\ti\ccsv8\tools\compiler\ti-cgt-msp430_18.1.5.LTS\lib\</path>
         <kind>archive</kind>
         <file>rts430x_lc_rd_eabi.lib</file>
         <name>autoinit.c.obj</name>
      </input_file>
      <input_file id="fl-4c">
         <path>C:\ti\ccsv8\tools\compiler\ti-cgt-msp430_18.1.5.LTS\lib\</path>
         <kind>archive</kind>
         <file>rts430x_lc_rd_eabi.lib</file>
         <name>copy_zero_init.c.obj</name>
      </input_file>
      <input_file id="fl-4d">
         <path>C:\ti\ccsv8\tools\compiler\ti-cgt-msp430_18.1.5.LTS\lib\</path>
         <kind>archive</kind>
         <file>rts430x_lc_rd_eabi.lib</file>
         <name>cpy_tbl.c.obj</name>
      </input_file>
      <input_file id="fl-4e">
         <path>C:\ti\ccsv8\tools\compiler\ti-cgt-msp430_18.1.5.LTS\lib\</path>
         <kind>archive</kind>
         <file>rts430x_lc_rd_eabi.lib</file>
         <name>mpu_init.c.obj</name>
      </input_file>
      <input_file id="fl-4f">
         <path>C:\ti\ccsv8\tools\compiler\ti-cgt-msp430_18.1.5.LTS\lib\</path>
         <kind>archive</kind>
         <file>rts430x_lc_rd_eabi.lib</file>
         <name>lsr64.c.obj</name>
      </input_file>
      <input_file id="fl-50">
         <path>C:\ti\ccsv8\tools\compiler\ti-cgt-msp430_18.1.5.LTS\lib\</path>
         <kind>archive</kind>
         <file>rts430x_lc_rd_eabi.lib</file>
         <name>pre_init.c.obj</name>
      </input_file>
      <input_file id="fl-51">
         <path>C:\ti\ccsv8\tools\compiler\ti-cgt-msp430_18.1.5.LTS\lib\</path>
         <kind>archive</kind>
         <file>rts430x_lc_rd_eabi.lib</file>
         <name>startup.c.obj</name>
      </input_file>
      <input_file id="fl-52">
         <path>C:\ti\ccsv8\tools\compiler\ti-cgt-msp430_18.1.5.LTS\lib\</path>
         <kind>archive</kind>
         <file>rts430x_lc_rd_eabi.lib</file>
         <name>copy_decompress_none.c.obj</name>
      </input_file>
      <input_file id="fl-53">
         <path>C:\ti\ccsv8\tools\compiler\ti-cgt-msp430_18.1.5.LTS\lib\</path>
         <kind>archive</kind>
         <file>rts430x_lc_rd_eabi.lib</file>
         <name>copy_decompress_lzss.c.obj</name>
      </input_file>
      <input_file id="fl-54">
         <path>C:\ti\ccsv8\tools\compiler\ti-cgt-msp430_18.1.5.LTS\lib\</path>
         <kind>archive</kind>
         <file>rts430x_lc_rd_eabi.lib</file>
         <name>addd.c.obj</name>
      </input_file>
      <input_file id="fl-55">
         <path>C:\ti\ccsv8\tools\compiler\ti-cgt-msp430_18.1.5.LTS\lib\</path>
         <kind>archive</kind>
         <file>rts430x_lc_rd_eabi.lib</file>
         <name>cmpd.c.obj</name>
      </input_file>
      <input_file id="fl-56">
         <path>C:\ti\ccsv8\tools\compiler\ti-cgt-msp430_18.1.5.LTS\lib\</path>
         <kind>archive</kind>
         <file>rts430x_lc_rd_eabi.lib</file>
         <name>divd.c.obj</name>
      </input_file>
      <input_file id="fl-57">
         <path>C:\ti\ccsv8\tools\compiler\ti-cgt-msp430_18.1.5.LTS\lib\</path>
         <kind>archive</kind>
         <file>rts430x_lc_rd_eabi.lib</file>
         <name>fixdul.c.obj</name>
      </input_file>
      <input_file id="fl-58">
         <path>C:\ti\ccsv8\tools\compiler\ti-cgt-msp430_18.1.5.LTS\lib\</path>
         <kind>archive</kind>
         <file>rts430x_lc_rd_eabi.lib</file>
         <name>fltlid.c.obj</name>
      </input_file>
      <input_file id="fl-59">
         <path>C:\ti\ccsv8\tools\compiler\ti-cgt-msp430_18.1.5.LTS\lib\</path>
         <kind>archive</kind>
         <file>rts430x_lc_rd_eabi.lib</file>
         <name>fltuld.c.obj</name>
      </input_file>
      <input_file id="fl-5a">
         <path>C:\ti\ccsv8\tools\compiler\ti-cgt-msp430_18.1.5.LTS\lib\</path>
         <kind>archive</kind>
         <file>rts430x_lc_rd_eabi.lib</file>
         <name>frcaddd.c.obj</name>
      </input_file>
      <input_file id="fl-5b">
         <path>C:\ti\ccsv8\tools\compiler\ti-cgt-msp430_18.1.5.LTS\lib\</path>
         <kind>archive</kind>
         <file>rts430x_lc_rd_eabi.lib</file>
         <name>frcdivd.c.obj</name>
      </input_file>
      <input_file id="fl-5c">
         <path>C:\ti\ccsv8\tools\compiler\ti-cgt-msp430_18.1.5.LTS\lib\</path>
         <kind>archive</kind>
         <file>rts430x_lc_rd_eabi.lib</file>
         <name>mpyd.c.obj</name>
      </input_file>
      <input_file id="fl-5d">
         <path>C:\ti\ccsv8\tools\compiler\ti-cgt-msp430_18.1.5.LTS\lib\</path>
         <kind>archive</kind>
         <file>rts430x_lc_rd_eabi.lib</file>
         <name>negd.c.obj</name>
      </input_file>
      <input_file id="fl-5e">
         <path>C:\ti\ccsv8\tools\compiler\ti-cgt-msp430_18.1.5.LTS\lib\</path>
         <kind>archive</kind>
         <file>rts430x_lc_rd_eabi.lib</file>
         <name>renormd.c.obj</name>
      </input_file>
      <input_file id="fl-5f">
         <path>C:\ti\ccsv8\tools\compiler\ti-cgt-msp430_18.1.5.LTS\lib\</path>
         <kind>archive</kind>
         <file>rts430x_lc_rd_eabi.lib</file>
         <name>subd.c.obj</name>
      </input_file>
      <input_file id="fl-60">
         <path>C:\ti\ccsv8\tools\compiler\ti-cgt-msp430_18.1.5.LTS\lib\</path>
         <kind>archive</kind>
         <file>rts430x_lc_rd_eabi.lib</file>
         <name>exit.c.obj</name>
      </input_file>
      <input_file id="fl-61">
         <path>C:\ti\ccsv8\tools\compiler\ti-cgt-msp430_18.1.5.LTS\lib\</path>
         <kind>archive</kind>
         <file>rts430x_lc_rd_eabi.lib</file>
         <name>_lock.c.obj</name>
      </input_file>
      <input_file id="fl-62">
         <path>C:\ti\ccsv8\tools\compiler\ti-cgt-msp430_18.1.5.LTS\lib\</path>
         <kind>archive</kind>
         <file>rts430x_lc_rd_eabi.lib</file>
         <name>args_main.c.obj</name>
      </input_file>
      <input_file id="fl-63">
         <path>C:\ti\ccsv8\tools\compiler\ti-cgt-msp430_18.1.5.LTS\lib\</path>
         <kind>archive</kind>
         <file>rts430x_lc_rd_eabi.lib</file>
         <name>memcpy.c.obj</name>
      </input_file>
      <input_file id="fl-64">
         <path>C:\ti\ccsv8\tools\compiler\ti-cgt-msp430_18.1.5.LTS\lib\</path>
         <kind>archive</kind>
         <file>rts430x_lc_rd_eabi.lib</file>
         <name>sprintf.c.obj</name>
      </input_file>
      <input_file id="fl-65">
         <path>C:\ti\ccsv8\tools\compiler\ti-cgt-msp430_18.1.5.LTS\lib\</path>
         <kind>archive</kind>
         <file>rts430x_lc_rd_eabi.lib</file>
         <name>strcasecmp.c.obj</name>
      </input_file>
      <input_file id="fl-66">
         <path>C:\ti\ccsv8\tools\compiler\ti-cgt-msp430_18.1.5.LTS\lib\</path>
         <kind>archive</kind>
         <file>rts430x_lc_rd_eabi.lib</file>
         <name>strcpy.c.obj</name>
      </input_file>
      <input_file id="fl-67">
         <path>C:\ti\ccsv8\tools\compiler\ti-cgt-msp430_18.1.5.LTS\lib\</path>
         <kind>archive</kind>
         <file>rts430x_lc_rd_eabi.lib</file>
         <name>tolower.c.obj</name>
      </input_file>
      <input_file id="fl-68">
         <path>C:\ti\ccsv8\tools\compiler\ti-cgt-msp430_18.1.5.LTS\lib\</path>
         <kind>archive</kind>
         <file>rts430x_lc_rd_eabi.lib</file>
         <name>errno.c.obj</name>
      </input_file>
      <input_file id="fl-69">
         <path>C:\ti\ccsv8\tools\compiler\ti-cgt-msp430_18.1.5.LTS\lib\</path>
         <kind>archive</kind>
         <file>rts430x_lc_rd_eabi.lib</file>
         <name>s_copysign.c.obj</name>
      </input_file>
      <input_file id="fl-6a">
         <path>C:\ti\ccsv8\tools\compiler\ti-cgt-msp430_18.1.5.LTS\lib\</path>
         <kind>archive</kind>
         <file>rts430x_lc_rd_eabi.lib</file>
         <name>mult16.asm.obj</name>
      </input_file>
      <input_file id="fl-6b">
         <path>C:\ti\ccsv8\tools\compiler\ti-cgt-msp430_18.1.5.LTS\lib\</path>
         <kind>archive</kind>
         <file>rts430x_lc_rd_eabi.lib</file>
         <name>exit_gvars.c.obj</name>
      </input_file>
      <input_file id="fl-6c">
         <path>C:\ti\ccsv8\tools\compiler\ti-cgt-msp430_18.1.5.LTS\lib\</path>
         <kind>archive</kind>
         <file>rts430x_lc_rd_eabi.lib</file>
         <name>frcmpyd.c.obj</name>
      </input_file>
      <input_file id="fl-6d">
         <path>C:\ti\ccsv8\tools\compiler\ti-cgt-msp430_18.1.5.LTS\lib\</path>
         <kind>archive</kind>
         <file>rts430x_lc_rd_eabi.lib</file>
         <name>_printfi_min.c.obj</name>
      </input_file>
      <input_file id="fl-6e">
         <path>C:\ti\ccsv8\tools\compiler\ti-cgt-msp430_18.1.5.LTS\lib\</path>
         <kind>archive</kind>
         <file>rts430x_lc_rd_eabi.lib</file>
         <name>ctype.c.obj</name>
      </input_file>
      <input_file id="fl-6f">
         <path>C:\ti\ccsv8\tools\compiler\ti-cgt-msp430_18.1.5.LTS\lib\</path>
         <kind>archive</kind>
         <file>rts430x_lc_rd_eabi.lib</file>
         <name>memccpy.c.obj</name>
      </input_file>
      <input_file id="fl-70">
         <path>C:\ti\ccsv8\tools\compiler\ti-cgt-msp430_18.1.5.LTS\lib\</path>
         <kind>archive</kind>
         <file>rts430x_lc_rd_eabi.lib</file>
         <name>memset.c.obj</name>
      </input_file>
      <input_file id="fl-71">
         <path>C:\ti\ccsv8\tools\compiler\ti-cgt-msp430_18.1.5.LTS\lib\</path>
         <kind>archive</kind>
         <file>rts430x_lc_rd_eabi.lib</file>
         <name>strlen.c.obj</name>
      </input_file>
      <input_file id="fl-72">
         <path>C:\ti\ccsv8\tools\compiler\ti-cgt-msp430_18.1.5.LTS\lib\</path>
         <kind>archive</kind>
         <file>rts430x_lc_rd_eabi.lib</file>
         <name>div16u.asm.obj</name>
      </input_file>
   </input_file_list>
   <object_component_list>
      <object_component id="oc-411">
         <name>.common:countOverflows</name>
         <uninitialized>true</uninitialized>
         <run_address>0x2494</run_address>
         <size>0x2</size>
      </object_component>
      <object_component id="oc-401">
         <name>.common:receivedString</name>
         <uninitialized>true</uninitialized>
         <run_address>0x247a</run_address>
         <size>0xc</size>
      </object_component>
      <object_component id="oc-409">
         <name>.common:transmittedString</name>
         <uninitialized>true</uninitialized>
         <run_address>0x2464</run_address>
         <size>0x16</size>
      </object_component>
      <object_component id="oc-408">
         <name>.common:command_receivedString</name>
         <uninitialized>true</uninitialized>
         <run_address>0x248e</run_address>
         <size>0x2</size>
      </object_component>
      <object_component id="oc-499">
         <name>.common:command_transmitString</name>
         <uninitialized>true</uninitialized>
         <run_address>0x2490</run_address>
         <size>0x2</size>
      </object_component>
      <object_component id="oc-4a1">
         <name>.common:command_konsolenEingabe</name>
         <uninitialized>true</uninitialized>
         <run_address>0x248c</run_address>
         <size>0x2</size>
      </object_component>
      <object_component id="oc-498">
         <name>.common:command_voltageAverage</name>
         <uninitialized>true</uninitialized>
         <run_address>0x2492</run_address>
         <size>0x2</size>
      </object_component>
      <object_component id="oc-41d">
         <name>.common:command_average</name>
         <uninitialized>true</uninitialized>
         <run_address>0x248a</run_address>
         <size>0x2</size>
      </object_component>
      <object_component id="oc-497">
         <name>.common:voltageTransmit</name>
         <uninitialized>true</uninitialized>
         <run_address>0x2486</run_address>
         <size>0x4</size>
      </object_component>
      <object_component id="oc-50b">
         <name>.common:voltageValues</name>
         <uninitialized>true</uninitialized>
         <run_address>0x2400</run_address>
         <size>0x64</size>
      </object_component>
      <object_component id="oc-535">
         <name>.common:i</name>
         <uninitialized>true</uninitialized>
         <run_address>0x2496</run_address>
         <size>0x2</size>
      </object_component>
      <object_component id="oc-415">
         <name>.data</name>
         <load_address>0x2498</load_address>
         <run_address>0x2498</run_address>
         <size>0x14</size>
         <input_file_ref idref="fl-3"/>
      </object_component>
      <object_component id="oc-3fe">
         <name>.data</name>
         <load_address>0x24ac</load_address>
         <run_address>0x24ac</run_address>
         <size>0x4</size>
         <input_file_ref idref="fl-8"/>
      </object_component>
      <object_component id="oc-5bf">
         <name>.data</name>
         <load_address>0x24b0</load_address>
         <run_address>0x24b0</run_address>
         <size>0x2</size>
         <input_file_ref idref="fl-68"/>
      </object_component>
      <object_component id="oc-37d">
         <name>.stack</name>
         <uninitialized>true</uninitialized>
         <run_address>0x4360</run_address>
         <size>0x4</size>
         <input_file_ref idref="fl-4a"/>
      </object_component>
      <object_component id="oc-76d">
         <name>.stack</name>
         <uninitialized>true</uninitialized>
         <run_address>0x4360</run_address>
         <size>0x0</size>
      </object_component>
      <object_component id="oc-529">
         <name>.text:pow</name>
         <load_address>0x10000</load_address>
         <run_address>0x10000</run_address>
         <size>0x1148</size>
         <input_file_ref idref="fl-29"/>
      </object_component>
      <object_component id="oc-65b">
         <name>.text:__TI_frcdivd</name>
         <load_address>0x11148</load_address>
         <run_address>0x11148</run_address>
         <size>0x466</size>
         <input_file_ref idref="fl-5b"/>
      </object_component>
      <object_component id="oc-598">
         <name>.text:__mspabi_addd</name>
         <load_address>0x115ae</load_address>
         <run_address>0x115ae</run_address>
         <size>0x2e0</size>
         <input_file_ref idref="fl-54"/>
      </object_component>
      <object_component id="oc-5b3">
         <name>.text:sqrt</name>
         <load_address>0x1188e</load_address>
         <run_address>0x1188e</run_address>
         <size>0x2de</size>
         <input_file_ref idref="fl-2a"/>
      </object_component>
      <object_component id="oc-668">
         <name>.text:__TI_frcmpyd</name>
         <load_address>0x11b6c</load_address>
         <run_address>0x11b6c</run_address>
         <size>0x280</size>
         <input_file_ref idref="fl-6c"/>
      </object_component>
      <object_component id="oc-5c2">
         <name>.text:__mspabi_mpyd</name>
         <load_address>0x11dec</load_address>
         <run_address>0x11dec</run_address>
         <size>0x266</size>
         <input_file_ref idref="fl-5c"/>
      </object_component>
      <object_component id="oc-64b">
         <name>.text:__TI_frcaddd</name>
         <load_address>0x12052</load_address>
         <run_address>0x12052</run_address>
         <size>0x248</size>
         <input_file_ref idref="fl-5a"/>
      </object_component>
      <object_component id="oc-5ad">
         <name>.text:__mspabi_divd</name>
         <load_address>0x1229a</load_address>
         <run_address>0x1229a</run_address>
         <size>0x222</size>
         <input_file_ref idref="fl-56"/>
      </object_component>
      <object_component id="oc-5e3">
         <name>.text:scalbn</name>
         <load_address>0x124bc</load_address>
         <run_address>0x124bc</run_address>
         <size>0x15a</size>
         <input_file_ref idref="fl-2b"/>
      </object_component>
      <object_component id="oc-5fb">
         <name>.text:_setfield</name>
         <load_address>0x12616</load_address>
         <run_address>0x12616</run_address>
         <size>0x132</size>
         <input_file_ref idref="fl-6d"/>
      </object_component>
      <object_component id="oc-545">
         <name>.text:__TI_printfi_minimal</name>
         <load_address>0x12748</load_address>
         <run_address>0x12748</run_address>
         <size>0xdc</size>
         <input_file_ref idref="fl-6d"/>
      </object_component>
      <object_component id="oc-4ae">
         <name>.text:convertIntToString</name>
         <load_address>0x12824</load_address>
         <run_address>0x12824</run_address>
         <size>0xdc</size>
         <input_file_ref idref="fl-6"/>
      </object_component>
      <object_component id="oc-697">
         <name>.text:_pproc_diouxp</name>
         <load_address>0x12900</load_address>
         <run_address>0x12900</run_address>
         <size>0xda</size>
         <input_file_ref idref="fl-6d"/>
      </object_component>
      <object_component id="oc-5dd">
         <name>.text:__mspabi_cmpd</name>
         <load_address>0x129da</load_address>
         <run_address>0x129da</run_address>
         <size>0xd8</size>
         <input_file_ref idref="fl-55"/>
      </object_component>
      <object_component id="oc-42d">
         <name>.text:main</name>
         <load_address>0x12ab2</load_address>
         <run_address>0x12ab2</run_address>
         <size>0xd8</size>
         <input_file_ref idref="fl-2"/>
      </object_component>
      <object_component id="oc-6c0">
         <name>.text:__TI_renormd</name>
         <load_address>0x12b8a</load_address>
         <run_address>0x12b8a</run_address>
         <size>0xb2</size>
         <input_file_ref idref="fl-5e"/>
      </object_component>
      <object_component id="oc-5d1">
         <name>.text:__mspabi_fltlid</name>
         <load_address>0x12c3c</load_address>
         <run_address>0x12c3c</run_address>
         <size>0x9e</size>
         <input_file_ref idref="fl-58"/>
      </object_component>
      <object_component id="oc-523">
         <name>.text:__mspabi_fltuld</name>
         <load_address>0x12cda</load_address>
         <run_address>0x12cda</run_address>
         <size>0x80</size>
         <input_file_ref idref="fl-59"/>
      </object_component>
      <object_component id="oc-6d">
         <name>.text:decompress:lzss:__TI_decompress_lzss</name>
         <load_address>0x12d5a</load_address>
         <run_address>0x12d5a</run_address>
         <size>0x76</size>
         <input_file_ref idref="fl-53"/>
      </object_component>
      <object_component id="oc-491">
         <name>.text:voltage_result</name>
         <load_address>0x12dd0</load_address>
         <run_address>0x12dd0</run_address>
         <size>0x72</size>
         <input_file_ref idref="fl-3"/>
      </object_component>
      <object_component id="oc-52f">
         <name>.text:__mspabi_fixdul</name>
         <load_address>0x12e42</load_address>
         <run_address>0x12e42</run_address>
         <size>0x68</size>
         <input_file_ref idref="fl-57"/>
      </object_component>
      <object_component id="oc-418">
         <name>.text</name>
         <load_address>0x12eaa</load_address>
         <run_address>0x12eaa</run_address>
         <size>0x58</size>
         <input_file_ref idref="fl-2d"/>
      </object_component>
      <object_component id="oc-4e5">
         <name>.text:__TI_auto_init_nobinit_nopinit_hold_wdt:__TI_auto_init_nobinit_nopinit_hold_wdt</name>
         <load_address>0x12f02</load_address>
         <run_address>0x12f02</run_address>
         <size>0x54</size>
         <input_file_ref idref="fl-4b"/>
      </object_component>
      <object_component id="oc-601">
         <name>.text:_pproc_str</name>
         <load_address>0x12f56</load_address>
         <run_address>0x12f56</run_address>
         <size>0x48</size>
         <input_file_ref idref="fl-6d"/>
      </object_component>
      <object_component id="oc-4b4">
         <name>.text:sprintf</name>
         <load_address>0x12f9e</load_address>
         <run_address>0x12f9e</run_address>
         <size>0x44</size>
         <input_file_ref idref="fl-64"/>
      </object_component>
      <object_component id="oc-6ca">
         <name>.text:l_asr_const</name>
         <load_address>0x12fe2</load_address>
         <run_address>0x12fe2</run_address>
         <size>0x3e</size>
         <input_file_ref idref="fl-2c"/>
      </object_component>
      <object_component id="oc-58c">
         <name>.text:l_lsl_const</name>
         <load_address>0x13020</load_address>
         <run_address>0x13020</run_address>
         <size>0x3e</size>
         <input_file_ref idref="fl-42"/>
      </object_component>
      <object_component id="oc-591">
         <name>.text:l_lsr_const</name>
         <load_address>0x1305e</load_address>
         <run_address>0x1305e</run_address>
         <size>0x3e</size>
         <input_file_ref idref="fl-43"/>
      </object_component>
      <object_component id="oc-473">
         <name>.text:uart_init</name>
         <load_address>0x1309c</load_address>
         <run_address>0x1309c</run_address>
         <size>0x3a</size>
         <input_file_ref idref="fl-8"/>
      </object_component>
      <object_component id="oc-49b">
         <name>.text:strcasecmp</name>
         <load_address>0x130d6</load_address>
         <run_address>0x130d6</run_address>
         <size>0x36</size>
         <input_file_ref idref="fl-65"/>
      </object_component>
      <object_component id="oc-5cb">
         <name>.text:__mspabi_subd</name>
         <load_address>0x1310c</load_address>
         <run_address>0x1310c</run_address>
         <size>0x32</size>
         <input_file_ref idref="fl-5f"/>
      </object_component>
      <object_component id="oc-5b9">
         <name>.text:__mspabi_negd</name>
         <load_address>0x1313e</load_address>
         <run_address>0x1313e</run_address>
         <size>0x2e</size>
         <input_file_ref idref="fl-5d"/>
      </object_component>
      <object_component id="oc-67a">
         <name>.text:copysign</name>
         <load_address>0x1316c</load_address>
         <run_address>0x1316c</run_address>
         <size>0x2e</size>
         <input_file_ref idref="fl-69"/>
      </object_component>
      <object_component id="oc-50c">
         <name>.text:voltage_change</name>
         <load_address>0x1319a</load_address>
         <run_address>0x1319a</run_address>
         <size>0x2c</size>
         <input_file_ref idref="fl-3"/>
      </object_component>
      <object_component id="oc-46d">
         <name>.text:xt2_init</name>
         <load_address>0x131c6</load_address>
         <run_address>0x131c6</run_address>
         <size>0x2c</size>
         <input_file_ref idref="fl-4"/>
      </object_component>
      <object_component id="oc-479">
         <name>.text:adc_init</name>
         <load_address>0x131f2</load_address>
         <run_address>0x131f2</run_address>
         <size>0x24</size>
         <input_file_ref idref="fl-3"/>
      </object_component>
      <object_component id="oc-3b0">
         <name>.text:decompress:ZI:__TI_zero_init_nomemset:__TI_zero_init_nomemset</name>
         <load_address>0x13216</load_address>
         <run_address>0x13216</run_address>
         <size>0x24</size>
         <input_file_ref idref="fl-4c"/>
      </object_component>
      <object_component id="oc-51d">
         <name>.text</name>
         <load_address>0x1323a</load_address>
         <run_address>0x1323a</run_address>
         <size>0x24</size>
         <input_file_ref idref="fl-47"/>
      </object_component>
      <object_component id="oc-539">
         <name>.text:_outs</name>
         <load_address>0x1325e</load_address>
         <run_address>0x1325e</run_address>
         <size>0x20</size>
         <input_file_ref idref="fl-64"/>
      </object_component>
      <object_component id="oc-69d">
         <name>.text:memccpy</name>
         <load_address>0x1327e</load_address>
         <run_address>0x1327e</run_address>
         <size>0x1e</size>
         <input_file_ref idref="fl-6f"/>
      </object_component>
      <object_component id="oc-47f">
         <name>.text:timer_init</name>
         <load_address>0x1329c</load_address>
         <run_address>0x1329c</run_address>
         <size>0x1e</size>
         <input_file_ref idref="fl-7"/>
      </object_component>
      <object_component id="oc-4a8">
         <name>.text:voltage_input</name>
         <load_address>0x132ba</load_address>
         <run_address>0x132ba</run_address>
         <size>0x1e</size>
         <input_file_ref idref="fl-3"/>
      </object_component>
      <object_component id="oc-636">
         <name>.text</name>
         <load_address>0x132d8</load_address>
         <run_address>0x132d8</run_address>
         <size>0x18</size>
         <input_file_ref idref="fl-44"/>
      </object_component>
      <object_component id="oc-690">
         <name>.text:memset</name>
         <load_address>0x132f0</load_address>
         <run_address>0x132f0</run_address>
         <size>0x16</size>
         <input_file_ref idref="fl-70"/>
      </object_component>
      <object_component id="oc-6e2">
         <name>.text</name>
         <load_address>0x13306</load_address>
         <run_address>0x13306</run_address>
         <size>0x16</size>
         <input_file_ref idref="fl-72"/>
      </object_component>
      <object_component id="oc-53f">
         <name>.text:_outc</name>
         <load_address>0x1331c</load_address>
         <run_address>0x1331c</run_address>
         <size>0x14</size>
         <input_file_ref idref="fl-64"/>
      </object_component>
      <object_component id="oc-38c">
         <name>.text:memcpy</name>
         <load_address>0x13330</load_address>
         <run_address>0x13330</run_address>
         <size>0x14</size>
         <input_file_ref idref="fl-63"/>
      </object_component>
      <object_component id="oc-73">
         <name>.text:decompress:none:__TI_decompress_none</name>
         <load_address>0x13344</load_address>
         <run_address>0x13344</run_address>
         <size>0x12</size>
         <input_file_ref idref="fl-52"/>
      </object_component>
      <object_component id="oc-4a2">
         <name>.text:strcpy</name>
         <load_address>0x13356</load_address>
         <run_address>0x13356</run_address>
         <size>0x12</size>
         <input_file_ref idref="fl-66"/>
      </object_component>
      <object_component id="oc-513">
         <name>.text:tolower</name>
         <load_address>0x13368</load_address>
         <run_address>0x13368</run_address>
         <size>0x12</size>
         <input_file_ref idref="fl-67"/>
      </object_component>
      <object_component id="oc-59e">
         <name>.text:l_asr</name>
         <load_address>0x1337a</load_address>
         <run_address>0x1337a</run_address>
         <size>0x10</size>
         <input_file_ref idref="fl-2c"/>
      </object_component>
      <object_component id="oc-5a3">
         <name>.text:l_lsl</name>
         <load_address>0x1338a</load_address>
         <run_address>0x1338a</run_address>
         <size>0x10</size>
         <input_file_ref idref="fl-42"/>
      </object_component>
      <object_component id="oc-5a8">
         <name>.text:l_lsr</name>
         <load_address>0x1339a</load_address>
         <run_address>0x1339a</run_address>
         <size>0x10</size>
         <input_file_ref idref="fl-43"/>
      </object_component>
      <object_component id="oc-5f5">
         <name>.text:strlen</name>
         <load_address>0x133aa</load_address>
         <run_address>0x133aa</run_address>
         <size>0xe</size>
         <input_file_ref idref="fl-71"/>
      </object_component>
      <object_component id="oc-48b">
         <name>.text:start_timer</name>
         <load_address>0x133b8</load_address>
         <run_address>0x133b8</run_address>
         <size>0xc</size>
         <input_file_ref idref="fl-7"/>
      </object_component>
      <object_component id="oc-4ba">
         <name>.text:start_transmit</name>
         <load_address>0x133c4</load_address>
         <run_address>0x133c4</run_address>
         <size>0xc</size>
         <input_file_ref idref="fl-8"/>
      </object_component>
      <object_component id="oc-4c1">
         <name>.text:abort</name>
         <load_address>0x133d0</load_address>
         <run_address>0x133d0</run_address>
         <size>0x6</size>
         <input_file_ref idref="fl-60"/>
      </object_component>
      <object_component id="oc-485">
         <name>.text:start_conversion</name>
         <load_address>0x133d6</load_address>
         <run_address>0x133d6</run_address>
         <size>0x6</size>
         <input_file_ref idref="fl-3"/>
      </object_component>
      <object_component id="oc-40a">
         <name>.text:stop_transmit</name>
         <load_address>0x133dc</load_address>
         <run_address>0x133dc</run_address>
         <size>0x6</size>
         <input_file_ref idref="fl-8"/>
      </object_component>
      <object_component id="oc-427">
         <name>.text:_system_pre_init</name>
         <load_address>0x133e2</load_address>
         <run_address>0x133e2</run_address>
         <size>0x4</size>
         <input_file_ref idref="fl-50"/>
      </object_component>
      <object_component id="oc-560">
         <name>.text:_system_post_cinit</name>
         <load_address>0x133e6</load_address>
         <run_address>0x133e6</run_address>
         <size>0x2</size>
         <input_file_ref idref="fl-51"/>
      </object_component>
      <object_component id="oc-39e">
         <name>.text:_isr:isr_uartA1</name>
         <load_address>0x4400</load_address>
         <run_address>0x4400</run_address>
         <size>0x62</size>
         <input_file_ref idref="fl-8"/>
      </object_component>
      <object_component id="oc-3aa">
         <name>.text:_isr:adc12bit</name>
         <load_address>0x4462</load_address>
         <run_address>0x4462</run_address>
         <size>0x4c</size>
         <input_file_ref idref="fl-3"/>
      </object_component>
      <object_component id="oc-3c2">
         <name>.text:_isr:_c_int00_noargs</name>
         <load_address>0x44ae</load_address>
         <run_address>0x44ae</run_address>
         <size>0x1c</size>
         <input_file_ref idref="fl-4a"/>
      </object_component>
      <object_component id="oc-3a4">
         <name>.text:_isr:isr_delay</name>
         <load_address>0x44ca</load_address>
         <run_address>0x44ca</run_address>
         <size>0x10</size>
         <input_file_ref idref="fl-7"/>
      </object_component>
      <object_component id="oc-399">
         <name>.text:_isr:__TI_ISR_TRAP</name>
         <load_address>0x44da</load_address>
         <run_address>0x44da</run_address>
         <size>0x8</size>
         <input_file_ref idref="fl-41"/>
      </object_component>
      <object_component id="oc-769">
         <name>__TI_handler_table</name>
         <load_address>0x4650</load_address>
         <run_address>0x4650</run_address>
         <size>0xc</size>
      </object_component>
      <object_component id="oc-76c">
         <name>.cinit..data.load</name>
         <load_address>0x465c</load_address>
         <run_address>0x465c</run_address>
         <size>0xb</size>
      </object_component>
      <object_component id="oc-76b">
         <name>.cinit..bss.load</name>
         <load_address>0x4668</load_address>
         <run_address>0x4668</run_address>
         <size>0x6</size>
      </object_component>
      <object_component id="oc-76a">
         <name>__TI_cinit_table</name>
         <load_address>0x466e</load_address>
         <run_address>0x466e</run_address>
         <size>0x10</size>
      </object_component>
      <object_component id="oc-582">
         <name>.const:.string:_ctypes_</name>
         <load_address>0x44e2</load_address>
         <run_address>0x44e2</run_address>
         <size>0x101</size>
         <input_file_ref idref="fl-6e"/>
      </object_component>
      <object_component id="oc-49a">
         <name>.const:.string</name>
         <load_address>0x45e4</load_address>
         <run_address>0x45e4</run_address>
         <size>0x28</size>
         <input_file_ref idref="fl-2"/>
      </object_component>
      <object_component id="oc-696">
         <name>.const:.string</name>
         <load_address>0x460c</load_address>
         <run_address>0x460c</run_address>
         <size>0x14</size>
         <input_file_ref idref="fl-6d"/>
      </object_component>
      <object_component id="oc-5c8">
         <name>.const:bp</name>
         <load_address>0x4620</load_address>
         <run_address>0x4620</run_address>
         <size>0x10</size>
         <input_file_ref idref="fl-29"/>
      </object_component>
      <object_component id="oc-5d7">
         <name>.const:dp_h</name>
         <load_address>0x4630</load_address>
         <run_address>0x4630</run_address>
         <size>0x10</size>
         <input_file_ref idref="fl-29"/>
      </object_component>
      <object_component id="oc-5da">
         <name>.const:dp_l</name>
         <load_address>0x4640</load_address>
         <run_address>0x4640</run_address>
         <size>0x10</size>
         <input_file_ref idref="fl-29"/>
      </object_component>
      <object_component id="oc-6fb">
         <name>.binit</name>
         <load_address>0x4400</load_address>
         <run_address>0x4400</run_address>
         <size>0x0</size>
      </object_component>
      <object_component id="oc-79">
         <name>.int41</name>
         <load_address>0xffd2</load_address>
         <run_address>0xffd2</run_address>
         <size>0x2</size>
         <input_file_ref idref="fl-2e"/>
      </object_component>
      <object_component id="oc-7a">
         <name>.int42</name>
         <load_address>0xffd4</load_address>
         <run_address>0xffd4</run_address>
         <size>0x2</size>
         <input_file_ref idref="fl-2f"/>
      </object_component>
      <object_component id="oc-7b">
         <name>.int43</name>
         <load_address>0xffd6</load_address>
         <run_address>0xffd6</run_address>
         <size>0x2</size>
         <input_file_ref idref="fl-30"/>
      </object_component>
      <object_component id="oc-7c">
         <name>.int44</name>
         <load_address>0xffd8</load_address>
         <run_address>0xffd8</run_address>
         <size>0x2</size>
         <input_file_ref idref="fl-31"/>
      </object_component>
      <object_component id="oc-7d">
         <name>.int45</name>
         <load_address>0xffda</load_address>
         <run_address>0xffda</run_address>
         <size>0x2</size>
         <input_file_ref idref="fl-32"/>
      </object_component>
      <object_component id="oc-7e">
         <name>.int46</name>
         <load_address>0xffdc</load_address>
         <run_address>0xffdc</run_address>
         <size>0x2</size>
         <input_file_ref idref="fl-8"/>
      </object_component>
      <object_component id="oc-7f">
         <name>.int47</name>
         <load_address>0xffde</load_address>
         <run_address>0xffde</run_address>
         <size>0x2</size>
         <input_file_ref idref="fl-33"/>
      </object_component>
      <object_component id="oc-80">
         <name>.int48</name>
         <load_address>0xffe0</load_address>
         <run_address>0xffe0</run_address>
         <size>0x2</size>
         <input_file_ref idref="fl-34"/>
      </object_component>
      <object_component id="oc-81">
         <name>.int49</name>
         <load_address>0xffe2</load_address>
         <run_address>0xffe2</run_address>
         <size>0x2</size>
         <input_file_ref idref="fl-7"/>
      </object_component>
      <object_component id="oc-82">
         <name>.int50</name>
         <load_address>0xffe4</load_address>
         <run_address>0xffe4</run_address>
         <size>0x2</size>
         <input_file_ref idref="fl-35"/>
      </object_component>
      <object_component id="oc-83">
         <name>.int51</name>
         <load_address>0xffe6</load_address>
         <run_address>0xffe6</run_address>
         <size>0x2</size>
         <input_file_ref idref="fl-36"/>
      </object_component>
      <object_component id="oc-84">
         <name>.int52</name>
         <load_address>0xffe8</load_address>
         <run_address>0xffe8</run_address>
         <size>0x2</size>
         <input_file_ref idref="fl-37"/>
      </object_component>
      <object_component id="oc-85">
         <name>.int53</name>
         <load_address>0xffea</load_address>
         <run_address>0xffea</run_address>
         <size>0x2</size>
         <input_file_ref idref="fl-38"/>
      </object_component>
      <object_component id="oc-86">
         <name>.int54</name>
         <load_address>0xffec</load_address>
         <run_address>0xffec</run_address>
         <size>0x2</size>
         <input_file_ref idref="fl-3"/>
      </object_component>
      <object_component id="oc-87">
         <name>.int55</name>
         <load_address>0xffee</load_address>
         <run_address>0xffee</run_address>
         <size>0x2</size>
         <input_file_ref idref="fl-39"/>
      </object_component>
      <object_component id="oc-88">
         <name>.int56</name>
         <load_address>0xfff0</load_address>
         <run_address>0xfff0</run_address>
         <size>0x2</size>
         <input_file_ref idref="fl-3a"/>
      </object_component>
      <object_component id="oc-89">
         <name>.int57</name>
         <load_address>0xfff2</load_address>
         <run_address>0xfff2</run_address>
         <size>0x2</size>
         <input_file_ref idref="fl-3b"/>
      </object_component>
      <object_component id="oc-8a">
         <name>.int58</name>
         <load_address>0xfff4</load_address>
         <run_address>0xfff4</run_address>
         <size>0x2</size>
         <input_file_ref idref="fl-3c"/>
      </object_component>
      <object_component id="oc-8b">
         <name>.int59</name>
         <load_address>0xfff6</load_address>
         <run_address>0xfff6</run_address>
         <size>0x2</size>
         <input_file_ref idref="fl-3d"/>
      </object_component>
      <object_component id="oc-8c">
         <name>.int60</name>
         <load_address>0xfff8</load_address>
         <run_address>0xfff8</run_address>
         <size>0x2</size>
         <input_file_ref idref="fl-3e"/>
      </object_component>
      <object_component id="oc-8d">
         <name>.int61</name>
         <load_address>0xfffa</load_address>
         <run_address>0xfffa</run_address>
         <size>0x2</size>
         <input_file_ref idref="fl-3f"/>
      </object_component>
      <object_component id="oc-8e">
         <name>.int62</name>
         <load_address>0xfffc</load_address>
         <run_address>0xfffc</run_address>
         <size>0x2</size>
         <input_file_ref idref="fl-40"/>
      </object_component>
      <object_component id="oc-380">
         <name>.reset</name>
         <load_address>0xfffe</load_address>
         <run_address>0xfffe</run_address>
         <size>0x2</size>
         <input_file_ref idref="fl-4a"/>
      </object_component>
      <object_component id="oc-402">
         <name>.debug_info</name>
         <load_address>0x0</load_address>
         <run_address>0x0</run_address>
         <size>0x5e7</size>
         <input_file_ref idref="fl-2"/>
      </object_component>
      <object_component id="oc-42e">
         <name>.debug_info</name>
         <load_address>0x5e7</load_address>
         <run_address>0x5e7</run_address>
         <size>0x21e</size>
         <input_file_ref idref="fl-2"/>
      </object_component>
      <object_component id="oc-45b">
         <name>.debug_info</name>
         <load_address>0x805</load_address>
         <run_address>0x805</run_address>
         <size>0x26b</size>
         <input_file_ref idref="fl-2"/>
      </object_component>
      <object_component id="oc-387">
         <name>.debug_info</name>
         <load_address>0xa70</load_address>
         <run_address>0xa70</run_address>
         <size>0x84</size>
         <input_file_ref idref="fl-2"/>
      </object_component>
      <object_component id="oc-500">
         <name>.debug_info</name>
         <load_address>0xaf4</load_address>
         <run_address>0xaf4</run_address>
         <size>0x275</size>
         <input_file_ref idref="fl-2"/>
      </object_component>
      <object_component id="oc-454">
         <name>.debug_info</name>
         <load_address>0xd69</load_address>
         <run_address>0xd69</run_address>
         <size>0xbb</size>
         <input_file_ref idref="fl-2"/>
      </object_component>
      <object_component id="oc-3f6">
         <name>.debug_info</name>
         <load_address>0xe24</load_address>
         <run_address>0xe24</run_address>
         <size>0x2c</size>
         <input_file_ref idref="fl-2"/>
      </object_component>
      <object_component id="oc-609">
         <name>.debug_info</name>
         <load_address>0xe50</load_address>
         <run_address>0xe50</run_address>
         <size>0x2c</size>
         <input_file_ref idref="fl-2"/>
      </object_component>
      <object_component id="oc-404">
         <name>.debug_info</name>
         <load_address>0xe7c</load_address>
         <run_address>0xe7c</run_address>
         <size>0x4aa</size>
         <input_file_ref idref="fl-3"/>
      </object_component>
      <object_component id="oc-416">
         <name>.debug_info</name>
         <load_address>0x1326</load_address>
         <run_address>0x1326</run_address>
         <size>0x224</size>
         <input_file_ref idref="fl-3"/>
      </object_component>
      <object_component id="oc-486">
         <name>.debug_info</name>
         <load_address>0x154a</load_address>
         <run_address>0x154a</run_address>
         <size>0x124</size>
         <input_file_ref idref="fl-3"/>
      </object_component>
      <object_component id="oc-50d">
         <name>.debug_info</name>
         <load_address>0x166e</load_address>
         <run_address>0x166e</run_address>
         <size>0x1ab</size>
         <input_file_ref idref="fl-3"/>
      </object_component>
      <object_component id="oc-492">
         <name>.debug_info</name>
         <load_address>0x1819</load_address>
         <run_address>0x1819</run_address>
         <size>0x165</size>
         <input_file_ref idref="fl-3"/>
      </object_component>
      <object_component id="oc-4a9">
         <name>.debug_info</name>
         <load_address>0x197e</load_address>
         <run_address>0x197e</run_address>
         <size>0x14b</size>
         <input_file_ref idref="fl-3"/>
      </object_component>
      <object_component id="oc-47a">
         <name>.debug_info</name>
         <load_address>0x1ac9</load_address>
         <run_address>0x1ac9</run_address>
         <size>0x114</size>
         <input_file_ref idref="fl-3"/>
      </object_component>
      <object_component id="oc-3ab">
         <name>.debug_info</name>
         <load_address>0x1bdd</load_address>
         <run_address>0x1bdd</run_address>
         <size>0x12a</size>
         <input_file_ref idref="fl-3"/>
      </object_component>
      <object_component id="oc-46e">
         <name>.debug_info</name>
         <load_address>0x1d07</load_address>
         <run_address>0x1d07</run_address>
         <size>0x11a</size>
         <input_file_ref idref="fl-4"/>
      </object_component>
      <object_component id="oc-536">
         <name>.debug_info</name>
         <load_address>0x1e21</load_address>
         <run_address>0x1e21</run_address>
         <size>0x1a4</size>
         <input_file_ref idref="fl-6"/>
      </object_component>
      <object_component id="oc-4af">
         <name>.debug_info</name>
         <load_address>0x1fc5</load_address>
         <run_address>0x1fc5</run_address>
         <size>0x26c</size>
         <input_file_ref idref="fl-6"/>
      </object_component>
      <object_component id="oc-412">
         <name>.debug_info</name>
         <load_address>0x2231</load_address>
         <run_address>0x2231</run_address>
         <size>0x20f</size>
         <input_file_ref idref="fl-7"/>
      </object_component>
      <object_component id="oc-480">
         <name>.debug_info</name>
         <load_address>0x2440</load_address>
         <run_address>0x2440</run_address>
         <size>0x124</size>
         <input_file_ref idref="fl-7"/>
      </object_component>
      <object_component id="oc-48c">
         <name>.debug_info</name>
         <load_address>0x2564</load_address>
         <run_address>0x2564</run_address>
         <size>0x126</size>
         <input_file_ref idref="fl-7"/>
      </object_component>
      <object_component id="oc-3a5">
         <name>.debug_info</name>
         <load_address>0x268a</load_address>
         <run_address>0x268a</run_address>
         <size>0x123</size>
         <input_file_ref idref="fl-7"/>
      </object_component>
      <object_component id="oc-406">
         <name>.debug_info</name>
         <load_address>0x27ad</load_address>
         <run_address>0x27ad</run_address>
         <size>0x38d</size>
         <input_file_ref idref="fl-8"/>
      </object_component>
      <object_component id="oc-3ff">
         <name>.debug_info</name>
         <load_address>0x2b3a</load_address>
         <run_address>0x2b3a</run_address>
         <size>0x131</size>
         <input_file_ref idref="fl-8"/>
      </object_component>
      <object_component id="oc-474">
         <name>.debug_info</name>
         <load_address>0x2c6b</load_address>
         <run_address>0x2c6b</run_address>
         <size>0x11c</size>
         <input_file_ref idref="fl-8"/>
      </object_component>
      <object_component id="oc-40b">
         <name>.debug_info</name>
         <load_address>0x2d87</load_address>
         <run_address>0x2d87</run_address>
         <size>0x124</size>
         <input_file_ref idref="fl-8"/>
      </object_component>
      <object_component id="oc-4bb">
         <name>.debug_info</name>
         <load_address>0x2eab</load_address>
         <run_address>0x2eab</run_address>
         <size>0x126</size>
         <input_file_ref idref="fl-8"/>
      </object_component>
      <object_component id="oc-39f">
         <name>.debug_info</name>
         <load_address>0x2fd1</load_address>
         <run_address>0x2fd1</run_address>
         <size>0x133</size>
         <input_file_ref idref="fl-8"/>
      </object_component>
      <object_component id="oc-5ef">
         <name>.debug_info</name>
         <load_address>0x3104</load_address>
         <run_address>0x3104</run_address>
         <size>0x1d6</size>
         <input_file_ref idref="fl-29"/>
      </object_component>
      <object_component id="oc-5c9">
         <name>.debug_info</name>
         <load_address>0x32da</load_address>
         <run_address>0x32da</run_address>
         <size>0xf8</size>
         <input_file_ref idref="fl-29"/>
      </object_component>
      <object_component id="oc-5d8">
         <name>.debug_info</name>
         <load_address>0x33d2</load_address>
         <run_address>0x33d2</run_address>
         <size>0xfc</size>
         <input_file_ref idref="fl-29"/>
      </object_component>
      <object_component id="oc-5db">
         <name>.debug_info</name>
         <load_address>0x34ce</load_address>
         <run_address>0x34ce</run_address>
         <size>0xfc</size>
         <input_file_ref idref="fl-29"/>
      </object_component>
      <object_component id="oc-52b">
         <name>.debug_info</name>
         <load_address>0x35ca</load_address>
         <run_address>0x35ca</run_address>
         <size>0x110b</size>
         <input_file_ref idref="fl-29"/>
      </object_component>
      <object_component id="oc-687">
         <name>.debug_info</name>
         <load_address>0x46d5</load_address>
         <run_address>0x46d5</run_address>
         <size>0x46</size>
         <input_file_ref idref="fl-29"/>
      </object_component>
      <object_component id="oc-5ea">
         <name>.debug_info</name>
         <load_address>0x471b</load_address>
         <run_address>0x471b</run_address>
         <size>0x39</size>
         <input_file_ref idref="fl-29"/>
      </object_component>
      <object_component id="oc-664">
         <name>.debug_info</name>
         <load_address>0x4754</load_address>
         <run_address>0x4754</run_address>
         <size>0x182</size>
         <input_file_ref idref="fl-2a"/>
      </object_component>
      <object_component id="oc-5b5">
         <name>.debug_info</name>
         <load_address>0x48d6</load_address>
         <run_address>0x48d6</run_address>
         <size>0x2ff</size>
         <input_file_ref idref="fl-2a"/>
      </object_component>
      <object_component id="oc-681">
         <name>.debug_info</name>
         <load_address>0x4bd5</load_address>
         <run_address>0x4bd5</run_address>
         <size>0x1ba</size>
         <input_file_ref idref="fl-2b"/>
      </object_component>
      <object_component id="oc-5e5">
         <name>.debug_info</name>
         <load_address>0x4d8f</load_address>
         <run_address>0x4d8f</run_address>
         <size>0x1de</size>
         <input_file_ref idref="fl-2b"/>
      </object_component>
      <object_component id="oc-682">
         <name>.debug_info</name>
         <load_address>0x4f6d</load_address>
         <run_address>0x4f6d</run_address>
         <size>0x2c</size>
         <input_file_ref idref="fl-2b"/>
      </object_component>
      <object_component id="oc-5a1">
         <name>.debug_info</name>
         <load_address>0x4f99</load_address>
         <run_address>0x4f99</run_address>
         <size>0x123</size>
         <input_file_ref idref="fl-2c"/>
      </object_component>
      <object_component id="oc-6cc">
         <name>.debug_info</name>
         <load_address>0x50bc</load_address>
         <run_address>0x50bc</run_address>
         <size>0x129</size>
         <input_file_ref idref="fl-2c"/>
      </object_component>
      <object_component id="oc-41b">
         <name>.debug_info</name>
         <load_address>0x51e5</load_address>
         <run_address>0x51e5</run_address>
         <size>0x126</size>
         <input_file_ref idref="fl-2d"/>
      </object_component>
      <object_component id="oc-39b">
         <name>.debug_info</name>
         <load_address>0x530b</load_address>
         <run_address>0x530b</run_address>
         <size>0x112</size>
         <input_file_ref idref="fl-41"/>
      </object_component>
      <object_component id="oc-5a4">
         <name>.debug_info</name>
         <load_address>0x541d</load_address>
         <run_address>0x541d</run_address>
         <size>0x123</size>
         <input_file_ref idref="fl-42"/>
      </object_component>
      <object_component id="oc-58d">
         <name>.debug_info</name>
         <load_address>0x5540</load_address>
         <run_address>0x5540</run_address>
         <size>0x129</size>
         <input_file_ref idref="fl-42"/>
      </object_component>
      <object_component id="oc-5a9">
         <name>.debug_info</name>
         <load_address>0x5669</load_address>
         <run_address>0x5669</run_address>
         <size>0x123</size>
         <input_file_ref idref="fl-43"/>
      </object_component>
      <object_component id="oc-592">
         <name>.debug_info</name>
         <load_address>0x578c</load_address>
         <run_address>0x578c</run_address>
         <size>0x129</size>
         <input_file_ref idref="fl-43"/>
      </object_component>
      <object_component id="oc-637">
         <name>.debug_info</name>
         <load_address>0x58b5</load_address>
         <run_address>0x58b5</run_address>
         <size>0x133</size>
         <input_file_ref idref="fl-44"/>
      </object_component>
      <object_component id="oc-51e">
         <name>.debug_info</name>
         <load_address>0x59e8</load_address>
         <run_address>0x59e8</run_address>
         <size>0x133</size>
         <input_file_ref idref="fl-47"/>
      </object_component>
      <object_component id="oc-37e">
         <name>.debug_info</name>
         <load_address>0x5b1b</load_address>
         <run_address>0x5b1b</run_address>
         <size>0x100</size>
         <input_file_ref idref="fl-4a"/>
      </object_component>
      <object_component id="oc-3c3">
         <name>.debug_info</name>
         <load_address>0x5c1b</load_address>
         <run_address>0x5c1b</run_address>
         <size>0x17a</size>
         <input_file_ref idref="fl-4a"/>
      </object_component>
      <object_component id="oc-567">
         <name>.debug_info</name>
         <load_address>0x5d95</load_address>
         <run_address>0x5d95</run_address>
         <size>0x49b</size>
         <input_file_ref idref="fl-4b"/>
      </object_component>
      <object_component id="oc-4e6">
         <name>.debug_info</name>
         <load_address>0x6230</load_address>
         <run_address>0x6230</run_address>
         <size>0x230</size>
         <input_file_ref idref="fl-4b"/>
      </object_component>
      <object_component id="oc-62c">
         <name>.debug_info</name>
         <load_address>0x6460</load_address>
         <run_address>0x6460</run_address>
         <size>0x39</size>
         <input_file_ref idref="fl-4b"/>
      </object_component>
      <object_component id="oc-63d">
         <name>.debug_info</name>
         <load_address>0x6499</load_address>
         <run_address>0x6499</run_address>
         <size>0x2c</size>
         <input_file_ref idref="fl-4b"/>
      </object_component>
      <object_component id="oc-572">
         <name>.debug_info</name>
         <load_address>0x64c5</load_address>
         <run_address>0x64c5</run_address>
         <size>0x2c</size>
         <input_file_ref idref="fl-4b"/>
      </object_component>
      <object_component id="oc-631">
         <name>.debug_info</name>
         <load_address>0x64f1</load_address>
         <run_address>0x64f1</run_address>
         <size>0xcd</size>
         <input_file_ref idref="fl-4b"/>
      </object_component>
      <object_component id="oc-425">
         <name>.debug_info</name>
         <load_address>0x65be</load_address>
         <run_address>0x65be</run_address>
         <size>0x1c9</size>
         <input_file_ref idref="fl-4c"/>
      </object_component>
      <object_component id="oc-3b2">
         <name>.debug_info</name>
         <load_address>0x6787</load_address>
         <run_address>0x6787</run_address>
         <size>0x1d7</size>
         <input_file_ref idref="fl-4c"/>
      </object_component>
      <object_component id="oc-420">
         <name>.debug_info</name>
         <load_address>0x695e</load_address>
         <run_address>0x695e</run_address>
         <size>0x46</size>
         <input_file_ref idref="fl-4c"/>
      </object_component>
      <object_component id="oc-428">
         <name>.debug_info</name>
         <load_address>0x69a4</load_address>
         <run_address>0x69a4</run_address>
         <size>0x153</size>
         <input_file_ref idref="fl-50"/>
      </object_component>
      <object_component id="oc-561">
         <name>.debug_info</name>
         <load_address>0x6af7</load_address>
         <run_address>0x6af7</run_address>
         <size>0x150</size>
         <input_file_ref idref="fl-51"/>
      </object_component>
      <object_component id="oc-398">
         <name>.debug_info</name>
         <load_address>0x6c47</load_address>
         <run_address>0x6c47</run_address>
         <size>0x18f</size>
         <input_file_ref idref="fl-52"/>
      </object_component>
      <object_component id="oc-74">
         <name>.debug_info</name>
         <load_address>0x6dd6</load_address>
         <run_address>0x6dd6</run_address>
         <size>0x1d3</size>
         <input_file_ref idref="fl-52"/>
      </object_component>
      <object_component id="oc-393">
         <name>.debug_info</name>
         <load_address>0x6fa9</load_address>
         <run_address>0x6fa9</run_address>
         <size>0x46</size>
         <input_file_ref idref="fl-52"/>
      </object_component>
      <object_component id="oc-3f3">
         <name>.debug_info</name>
         <load_address>0x6fef</load_address>
         <run_address>0x6fef</run_address>
         <size>0x17b</size>
         <input_file_ref idref="fl-53"/>
      </object_component>
      <object_component id="oc-6e">
         <name>.debug_info</name>
         <load_address>0x716a</load_address>
         <run_address>0x716a</run_address>
         <size>0x250</size>
         <input_file_ref idref="fl-53"/>
      </object_component>
      <object_component id="oc-382">
         <name>.debug_info</name>
         <load_address>0x73ba</load_address>
         <run_address>0x73ba</run_address>
         <size>0x60</size>
         <input_file_ref idref="fl-53"/>
      </object_component>
      <object_component id="oc-449">
         <name>.debug_info</name>
         <load_address>0x741a</load_address>
         <run_address>0x741a</run_address>
         <size>0x46</size>
         <input_file_ref idref="fl-53"/>
      </object_component>
      <object_component id="oc-3ee">
         <name>.debug_info</name>
         <load_address>0x7460</load_address>
         <run_address>0x7460</run_address>
         <size>0x39</size>
         <input_file_ref idref="fl-53"/>
      </object_component>
      <object_component id="oc-657">
         <name>.debug_info</name>
         <load_address>0x7499</load_address>
         <run_address>0x7499</run_address>
         <size>0x1ac</size>
         <input_file_ref idref="fl-54"/>
      </object_component>
      <object_component id="oc-599">
         <name>.debug_info</name>
         <load_address>0x7645</load_address>
         <run_address>0x7645</run_address>
         <size>0x228</size>
         <input_file_ref idref="fl-54"/>
      </object_component>
      <object_component id="oc-652">
         <name>.debug_info</name>
         <load_address>0x786d</load_address>
         <run_address>0x786d</run_address>
         <size>0x94</size>
         <input_file_ref idref="fl-54"/>
      </object_component>
      <object_component id="oc-5e1">
         <name>.debug_info</name>
         <load_address>0x7901</load_address>
         <run_address>0x7901</run_address>
         <size>0x1cf</size>
         <input_file_ref idref="fl-55"/>
      </object_component>
      <object_component id="oc-662">
         <name>.debug_info</name>
         <load_address>0x7ad0</load_address>
         <run_address>0x7ad0</run_address>
         <size>0x1a7</size>
         <input_file_ref idref="fl-56"/>
      </object_component>
      <object_component id="oc-5ae">
         <name>.debug_info</name>
         <load_address>0x7c77</load_address>
         <run_address>0x7c77</run_address>
         <size>0x252</size>
         <input_file_ref idref="fl-56"/>
      </object_component>
      <object_component id="oc-531">
         <name>.debug_info</name>
         <load_address>0x7ec9</load_address>
         <run_address>0x7ec9</run_address>
         <size>0x1b0</size>
         <input_file_ref idref="fl-57"/>
      </object_component>
      <object_component id="oc-674">
         <name>.debug_info</name>
         <load_address>0x8079</load_address>
         <run_address>0x8079</run_address>
         <size>0x175</size>
         <input_file_ref idref="fl-58"/>
      </object_component>
      <object_component id="oc-5d3">
         <name>.debug_info</name>
         <load_address>0x81ee</load_address>
         <run_address>0x81ee</run_address>
         <size>0x1f3</size>
         <input_file_ref idref="fl-58"/>
      </object_component>
      <object_component id="oc-597">
         <name>.debug_info</name>
         <load_address>0x83e1</load_address>
         <run_address>0x83e1</run_address>
         <size>0x175</size>
         <input_file_ref idref="fl-59"/>
      </object_component>
      <object_component id="oc-526">
         <name>.debug_info</name>
         <load_address>0x8556</load_address>
         <run_address>0x8556</run_address>
         <size>0x1c1</size>
         <input_file_ref idref="fl-59"/>
      </object_component>
      <object_component id="oc-6c7">
         <name>.debug_info</name>
         <load_address>0x8717</load_address>
         <run_address>0x8717</run_address>
         <size>0x1aa</size>
         <input_file_ref idref="fl-5a"/>
      </object_component>
      <object_component id="oc-64c">
         <name>.debug_info</name>
         <load_address>0x88c1</load_address>
         <run_address>0x88c1</run_address>
         <size>0x2bc</size>
         <input_file_ref idref="fl-5a"/>
      </object_component>
      <object_component id="oc-6d0">
         <name>.debug_info</name>
         <load_address>0x8b7d</load_address>
         <run_address>0x8b7d</run_address>
         <size>0x17c</size>
         <input_file_ref idref="fl-5b"/>
      </object_component>
      <object_component id="oc-65c">
         <name>.debug_info</name>
         <load_address>0x8cf9</load_address>
         <run_address>0x8cf9</run_address>
         <size>0x5bd</size>
         <input_file_ref idref="fl-5b"/>
      </object_component>
      <object_component id="oc-66f">
         <name>.debug_info</name>
         <load_address>0x92b6</load_address>
         <run_address>0x92b6</run_address>
         <size>0x1a7</size>
         <input_file_ref idref="fl-5c"/>
      </object_component>
      <object_component id="oc-5c3">
         <name>.debug_info</name>
         <load_address>0x945d</load_address>
         <run_address>0x945d</run_address>
         <size>0x263</size>
         <input_file_ref idref="fl-5c"/>
      </object_component>
      <object_component id="oc-5ba">
         <name>.debug_info</name>
         <load_address>0x96c0</load_address>
         <run_address>0x96c0</run_address>
         <size>0x163</size>
         <input_file_ref idref="fl-5d"/>
      </object_component>
      <object_component id="oc-6eb">
         <name>.debug_info</name>
         <load_address>0x9823</load_address>
         <run_address>0x9823</run_address>
         <size>0x17c</size>
         <input_file_ref idref="fl-5e"/>
      </object_component>
      <object_component id="oc-6c1">
         <name>.debug_info</name>
         <load_address>0x999f</load_address>
         <run_address>0x999f</run_address>
         <size>0x1dd</size>
         <input_file_ref idref="fl-5e"/>
      </object_component>
      <object_component id="oc-5cc">
         <name>.debug_info</name>
         <load_address>0x9b7c</load_address>
         <run_address>0x9b7c</run_address>
         <size>0x1a3</size>
         <input_file_ref idref="fl-5f"/>
      </object_component>
      <object_component id="oc-4c3">
         <name>.debug_info</name>
         <load_address>0x9d1f</load_address>
         <run_address>0x9d1f</run_address>
         <size>0x122</size>
         <input_file_ref idref="fl-60"/>
      </object_component>
      <object_component id="oc-3f5">
         <name>.debug_info</name>
         <load_address>0x9e41</load_address>
         <run_address>0x9e41</run_address>
         <size>0x19a</size>
         <input_file_ref idref="fl-63"/>
      </object_component>
      <object_component id="oc-38d">
         <name>.debug_info</name>
         <load_address>0x9fdb</load_address>
         <run_address>0x9fdb</run_address>
         <size>0x17a</size>
         <input_file_ref idref="fl-63"/>
      </object_component>
      <object_component id="oc-54c">
         <name>.debug_info</name>
         <load_address>0xa155</load_address>
         <run_address>0xa155</run_address>
         <size>0x229</size>
         <input_file_ref idref="fl-64"/>
      </object_component>
      <object_component id="oc-4b5">
         <name>.debug_info</name>
         <load_address>0xa37e</load_address>
         <run_address>0xa37e</run_address>
         <size>0x1c2</size>
         <input_file_ref idref="fl-64"/>
      </object_component>
      <object_component id="oc-53a">
         <name>.debug_info</name>
         <load_address>0xa540</load_address>
         <run_address>0xa540</run_address>
         <size>0x198</size>
         <input_file_ref idref="fl-64"/>
      </object_component>
      <object_component id="oc-540">
         <name>.debug_info</name>
         <load_address>0xa6d8</load_address>
         <run_address>0xa6d8</run_address>
         <size>0x16d</size>
         <input_file_ref idref="fl-64"/>
      </object_component>
      <object_component id="oc-6a7">
         <name>.debug_info</name>
         <load_address>0xa845</load_address>
         <run_address>0xa845</run_address>
         <size>0x2c</size>
         <input_file_ref idref="fl-64"/>
      </object_component>
      <object_component id="oc-51a">
         <name>.debug_info</name>
         <load_address>0xa871</load_address>
         <run_address>0xa871</run_address>
         <size>0x18f</size>
         <input_file_ref idref="fl-65"/>
      </object_component>
      <object_component id="oc-49e">
         <name>.debug_info</name>
         <load_address>0xaa00</load_address>
         <run_address>0xaa00</run_address>
         <size>0x1b3</size>
         <input_file_ref idref="fl-65"/>
      </object_component>
      <object_component id="oc-51c">
         <name>.debug_info</name>
         <load_address>0xabb3</load_address>
         <run_address>0xabb3</run_address>
         <size>0x190</size>
         <input_file_ref idref="fl-66"/>
      </object_component>
      <object_component id="oc-4a3">
         <name>.debug_info</name>
         <load_address>0xad43</load_address>
         <run_address>0xad43</run_address>
         <size>0x252</size>
         <input_file_ref idref="fl-66"/>
      </object_component>
      <object_component id="oc-586">
         <name>.debug_info</name>
         <load_address>0xaf95</load_address>
         <run_address>0xaf95</run_address>
         <size>0x198</size>
         <input_file_ref idref="fl-67"/>
      </object_component>
      <object_component id="oc-516">
         <name>.debug_info</name>
         <load_address>0xb12d</load_address>
         <run_address>0xb12d</run_address>
         <size>0x154</size>
         <input_file_ref idref="fl-67"/>
      </object_component>
      <object_component id="oc-5c0">
         <name>.debug_info</name>
         <load_address>0xb281</load_address>
         <run_address>0xb281</run_address>
         <size>0xfe</size>
         <input_file_ref idref="fl-68"/>
      </object_component>
      <object_component id="oc-67c">
         <name>.debug_info</name>
         <load_address>0xb37f</load_address>
         <run_address>0xb37f</run_address>
         <size>0x16b</size>
         <input_file_ref idref="fl-69"/>
      </object_component>
      <object_component id="oc-6d6">
         <name>.debug_info</name>
         <load_address>0xb4ea</load_address>
         <run_address>0xb4ea</run_address>
         <size>0x17c</size>
         <input_file_ref idref="fl-6c"/>
      </object_component>
      <object_component id="oc-669">
         <name>.debug_info</name>
         <load_address>0xb666</load_address>
         <run_address>0xb666</run_address>
         <size>0x33d</size>
         <input_file_ref idref="fl-6c"/>
      </object_component>
      <object_component id="oc-608">
         <name>.debug_info</name>
         <load_address>0xb9a3</load_address>
         <run_address>0xb9a3</run_address>
         <size>0x3bc</size>
         <input_file_ref idref="fl-6d"/>
      </object_component>
      <object_component id="oc-69b">
         <name>.debug_info</name>
         <load_address>0xbd5f</load_address>
         <run_address>0xbd5f</run_address>
         <size>0x29b</size>
         <input_file_ref idref="fl-6d"/>
      </object_component>
      <object_component id="oc-5fd">
         <name>.debug_info</name>
         <load_address>0xbffa</load_address>
         <run_address>0xbffa</run_address>
         <size>0x28f</size>
         <input_file_ref idref="fl-6d"/>
      </object_component>
      <object_component id="oc-605">
         <name>.debug_info</name>
[...]
         <name>uart_init</name>
         <value>0x1309c</value>
         <object_component_ref idref="oc-473"/>
      </symbol>
      <symbol id="sm-44a">
         <name>start_transmit</name>
         <value>0x133c4</value>
         <object_component_ref idref="oc-4ba"/>
      </symbol>
      <symbol id="sm-44b">
         <name>stop_transmit</name>
         <value>0x133dc</value>
         <object_component_ref idref="oc-40a"/>
      </symbol>
      <symbol id="sm-4e2">
         <name>pow</name>
         <value>0x10000</value>
         <object_component_ref idref="oc-529"/>
      </symbol>
      <symbol id="sm-4e3">
         <name>powl</name>
         <value>0x10000</value>
         <object_component_ref idref="oc-529"/>
      </symbol>
      <symbol id="sm-50e">
         <name>sqrtl</name>
         <value>0x1188e</value>
         <object_component_ref idref="oc-5b3"/>
      </symbol>
      <symbol id="sm-50f">
         <name>sqrt</name>
         <value>0x1188e</value>
         <object_component_ref idref="oc-5b3"/>
      </symbol>
      <symbol id="sm-52d">
         <name>scalbn</name>
         <value>0x124bc</value>
         <object_component_ref idref="oc-5e3"/>
      </symbol>
      <symbol id="sm-52e">
         <name>scalbnl</name>
         <value>0x124bc</value>
         <object_component_ref idref="oc-5e3"/>
      </symbol>
      <symbol id="sm-52f">
         <name>ldexpl</name>
         <value>0x124bc</value>
         <object_component_ref idref="oc-5e3"/>
      </symbol>
      <symbol id="sm-530">
         <name>ldexp</name>
         <value>0x124bc</value>
         <object_component_ref idref="oc-5e3"/>
      </symbol>
      <symbol id="sm-540">
         <name>__mspabi_sral</name>
         <value>0x1337a</value>
         <object_component_ref idref="oc-59e"/>
      </symbol>
      <symbol id="sm-541">
         <name>__mspabi_sral_15</name>
         <value>0x12fe2</value>
         <object_component_ref idref="oc-6ca"/>
      </symbol>
      <symbol id="sm-542">
         <name>__mspabi_sral_14</name>
         <value>0x12fe6</value>
         <object_component_ref idref="oc-6ca"/>
      </symbol>
      <symbol id="sm-543">
         <name>__mspabi_sral_13</name>
         <value>0x12fea</value>
         <object_component_ref idref="oc-6ca"/>
      </symbol>
      <symbol id="sm-544">
         <name>__mspabi_sral_12</name>
         <value>0x12fee</value>
         <object_component_ref idref="oc-6ca"/>
      </symbol>
      <symbol id="sm-545">
         <name>__mspabi_sral_11</name>
         <value>0x12ff2</value>
         <object_component_ref idref="oc-6ca"/>
      </symbol>
      <symbol id="sm-546">
         <name>__mspabi_sral_10</name>
         <value>0x12ff6</value>
         <object_component_ref idref="oc-6ca"/>
      </symbol>
      <symbol id="sm-547">
         <name>__mspabi_sral_8</name>
         <value>0x12ffe</value>
         <object_component_ref idref="oc-6ca"/>
      </symbol>
      <symbol id="sm-548">
         <name>__mspabi_sral_9</name>
         <value>0x12ffa</value>
         <object_component_ref idref="oc-6ca"/>
      </symbol>
      <symbol id="sm-549">
         <name>__mspabi_sral_6</name>
         <value>0x13006</value>
         <object_component_ref idref="oc-6ca"/>
      </symbol>
      <symbol id="sm-54a">
         <name>__mspabi_sral_7</name>
         <value>0x13002</value>
         <object_component_ref idref="oc-6ca"/>
      </symbol>
      <symbol id="sm-54b">
         <name>__mspabi_sral_4</name>
         <value>0x1300e</value>
         <object_component_ref idref="oc-6ca"/>
      </symbol>
      <symbol id="sm-54c">
         <name>__mspabi_sral_5</name>
         <value>0x1300a</value>
         <object_component_ref idref="oc-6ca"/>
      </symbol>
      <symbol id="sm-54d">
         <name>__mspabi_sral_2</name>
         <value>0x13016</value>
         <object_component_ref idref="oc-6ca"/>
      </symbol>
      <symbol id="sm-54e">
         <name>__mspabi_sral_3</name>
         <value>0x13012</value>
         <object_component_ref idref="oc-6ca"/>
      </symbol>
      <symbol id="sm-54f">
         <name>__mspabi_sral_1</name>
         <value>0x1301a</value>
         <object_component_ref idref="oc-6ca"/>
      </symbol>
      <symbol id="sm-55d">
         <name>__mspabi_remul</name>
         <value>0x12eaa</value>
         <object_component_ref idref="oc-418"/>
      </symbol>
      <symbol id="sm-55e">
         <name>__mspabi_divul</name>
         <value>0x12eaa</value>
         <object_component_ref idref="oc-418"/>
      </symbol>
      <symbol id="sm-561">
         <name>__TI_int41</name>
         <value>0xffd2</value>
         <object_component_ref idref="oc-79"/>
      </symbol>
      <symbol id="sm-564">
         <name>__TI_int42</name>
         <value>0xffd4</value>
         <object_component_ref idref="oc-7a"/>
      </symbol>
      <symbol id="sm-567">
         <name>__TI_int43</name>
         <value>0xffd6</value>
         <object_component_ref idref="oc-7b"/>
      </symbol>
      <symbol id="sm-56a">
         <name>__TI_int44</name>
         <value>0xffd8</value>
         <object_component_ref idref="oc-7c"/>
      </symbol>
      <symbol id="sm-56d">
         <name>__TI_int45</name>
         <value>0xffda</value>
         <object_component_ref idref="oc-7d"/>
      </symbol>
      <symbol id="sm-570">
         <name>__TI_int47</name>
         <value>0xffde</value>
         <object_component_ref idref="oc-7f"/>
      </symbol>
      <symbol id="sm-573">
         <name>__TI_int48</name>
         <value>0xffe0</value>
         <object_component_ref idref="oc-80"/>
      </symbol>
      <symbol id="sm-576">
         <name>__TI_int50</name>
         <value>0xffe4</value>
         <object_component_ref idref="oc-82"/>
      </symbol>
      <symbol id="sm-579">
         <name>__TI_int51</name>
         <value>0xffe6</value>
         <object_component_ref idref="oc-83"/>
      </symbol>
      <symbol id="sm-57c">
         <name>__TI_int52</name>
         <value>0xffe8</value>
         <object_component_ref idref="oc-84"/>
      </symbol>
      <symbol id="sm-57f">
         <name>__TI_int53</name>
         <value>0xffea</value>
         <object_component_ref idref="oc-85"/>
      </symbol>
      <symbol id="sm-582">
         <name>__TI_int55</name>
         <value>0xffee</value>
         <object_component_ref idref="oc-87"/>
      </symbol>
      <symbol id="sm-585">
         <name>__TI_int56</name>
         <value>0xfff0</value>
         <object_component_ref idref="oc-88"/>
      </symbol>
      <symbol id="sm-588">
         <name>__TI_int57</name>
         <value>0xfff2</value>
         <object_component_ref idref="oc-89"/>
      </symbol>
      <symbol id="sm-58b">
         <name>__TI_int58</name>
         <value>0xfff4</value>
         <object_component_ref idref="oc-8a"/>
      </symbol>
      <symbol id="sm-58e">
         <name>__TI_int59</name>
         <value>0xfff6</value>
         <object_component_ref idref="oc-8b"/>
      </symbol>
      <symbol id="sm-591">
         <name>__TI_int60</name>
         <value>0xfff8</value>
         <object_component_ref idref="oc-8c"/>
      </symbol>
      <symbol id="sm-594">
         <name>__TI_int61</name>
         <value>0xfffa</value>
         <object_component_ref idref="oc-8d"/>
      </symbol>
      <symbol id="sm-597">
         <name>__TI_int62</name>
         <value>0xfffc</value>
         <object_component_ref idref="oc-8e"/>
      </symbol>
      <symbol id="sm-59f">
         <name>__TI_ISR_TRAP</name>
         <value>0x44da</value>
         <object_component_ref idref="oc-399"/>
      </symbol>
      <symbol id="sm-5af">
         <name>__mspabi_slll_9</name>
         <value>0x13038</value>
         <object_component_ref idref="oc-58c"/>
      </symbol>
      <symbol id="sm-5b0">
         <name>__mspabi_slll_8</name>
         <value>0x1303c</value>
         <object_component_ref idref="oc-58c"/>
      </symbol>
      <symbol id="sm-5b1">
         <name>__mspabi_slll_7</name>
         <value>0x13040</value>
         <object_component_ref idref="oc-58c"/>
      </symbol>
      <symbol id="sm-5b2">
         <name>__mspabi_slll_6</name>
         <value>0x13044</value>
         <object_component_ref idref="oc-58c"/>
      </symbol>
      <symbol id="sm-5b3">
         <name>__mspabi_slll_5</name>
         <value>0x13048</value>
         <object_component_ref idref="oc-58c"/>
      </symbol>
      <symbol id="sm-5b4">
         <name>__mspabi_slll_4</name>
         <value>0x1304c</value>
         <object_component_ref idref="oc-58c"/>
      </symbol>
      <symbol id="sm-5b5">
         <name>__mspabi_slll_3</name>
         <value>0x13050</value>
         <object_component_ref idref="oc-58c"/>
      </symbol>
      <symbol id="sm-5b6">
         <name>__mspabi_slll_2</name>
         <value>0x13054</value>
         <object_component_ref idref="oc-58c"/>
      </symbol>
      <symbol id="sm-5b7">
         <name>__mspabi_slll_1</name>
         <value>0x13058</value>
         <object_component_ref idref="oc-58c"/>
      </symbol>
      <symbol id="sm-5b8">
         <name>__mspabi_slll</name>
         <value>0x1338a</value>
         <object_component_ref idref="oc-5a3"/>
      </symbol>
      <symbol id="sm-5b9">
         <name>__mspabi_slll_15</name>
         <value>0x13020</value>
         <object_component_ref idref="oc-58c"/>
      </symbol>
      <symbol id="sm-5ba">
         <name>__mspabi_slll_14</name>
         <value>0x13024</value>
         <object_component_ref idref="oc-58c"/>
      </symbol>
      <symbol id="sm-5bb">
         <name>__mspabi_slll_13</name>
         <value>0x13028</value>
         <object_component_ref idref="oc-58c"/>
      </symbol>
      <symbol id="sm-5bc">
         <name>__mspabi_slll_12</name>
         <value>0x1302c</value>
         <object_component_ref idref="oc-58c"/>
      </symbol>
      <symbol id="sm-5bd">
         <name>__mspabi_slll_11</name>
         <value>0x13030</value>
         <object_component_ref idref="oc-58c"/>
      </symbol>
      <symbol id="sm-5be">
         <name>__mspabi_slll_10</name>
         <value>0x13034</value>
         <object_component_ref idref="oc-58c"/>
      </symbol>
      <symbol id="sm-5ce">
         <name>__mspabi_srll_8</name>
         <value>0x1307a</value>
         <object_component_ref idref="oc-591"/>
      </symbol>
      <symbol id="sm-5cf">
         <name>__mspabi_srll_9</name>
         <value>0x13076</value>
         <object_component_ref idref="oc-591"/>
      </symbol>
      <symbol id="sm-5d0">
         <name>__mspabi_srll_6</name>
         <value>0x13082</value>
         <object_component_ref idref="oc-591"/>
      </symbol>
      <symbol id="sm-5d1">
         <name>__mspabi_srll_7</name>
         <value>0x1307e</value>
         <object_component_ref idref="oc-591"/>
      </symbol>
      <symbol id="sm-5d2">
         <name>__mspabi_srll_4</name>
         <value>0x1308a</value>
         <object_component_ref idref="oc-591"/>
      </symbol>
      <symbol id="sm-5d3">
         <name>__mspabi_srll_5</name>
         <value>0x13086</value>
         <object_component_ref idref="oc-591"/>
      </symbol>
      <symbol id="sm-5d4">
         <name>__mspabi_srll_2</name>
         <value>0x13092</value>
         <object_component_ref idref="oc-591"/>
      </symbol>
      <symbol id="sm-5d5">
         <name>__mspabi_srll_3</name>
         <value>0x1308e</value>
         <object_component_ref idref="oc-591"/>
      </symbol>
      <symbol id="sm-5d6">
         <name>__mspabi_srll_1</name>
         <value>0x13096</value>
         <object_component_ref idref="oc-591"/>
      </symbol>
      <symbol id="sm-5d7">
         <name>__mspabi_srll_15</name>
         <value>0x1305e</value>
         <object_component_ref idref="oc-591"/>
      </symbol>
      <symbol id="sm-5d8">
         <name>__mspabi_srll_14</name>
         <value>0x13062</value>
         <object_component_ref idref="oc-591"/>
      </symbol>
      <symbol id="sm-5d9">
         <name>__mspabi_srll_13</name>
         <value>0x13066</value>
         <object_component_ref idref="oc-591"/>
      </symbol>
      <symbol id="sm-5da">
         <name>__mspabi_srll_12</name>
         <value>0x1306a</value>
         <object_component_ref idref="oc-591"/>
      </symbol>
      <symbol id="sm-5db">
         <name>__mspabi_srll_11</name>
         <value>0x1306e</value>
         <object_component_ref idref="oc-591"/>
      </symbol>
      <symbol id="sm-5dc">
         <name>__mspabi_srll_10</name>
         <value>0x13072</value>
         <object_component_ref idref="oc-591"/>
      </symbol>
      <symbol id="sm-5dd">
         <name>__mspabi_srll</name>
         <value>0x1339a</value>
         <object_component_ref idref="oc-5a8"/>
      </symbol>
      <symbol id="sm-5e5">
         <name>__mspabi_mpyi_f5hw</name>
         <value>0x132d8</value>
         <object_component_ref idref="oc-636"/>
      </symbol>
      <symbol id="sm-5ef">
         <name>__mspabi_mpyl_f5hw</name>
         <value>0x1323a</value>
         <object_component_ref idref="oc-51d"/>
      </symbol>
      <symbol id="sm-601">
         <name>_stack</name>
         <value>0x4360</value>
         <object_component_ref idref="oc-37d"/>
      </symbol>
      <symbol id="sm-602">
         <name>_c_int00_noargs</name>
         <value>0x44ae</value>
         <object_component_ref idref="oc-3c2"/>
      </symbol>
      <symbol id="sm-603">
         <name>_reset_vector</name>
         <value>0xfffe</value>
         <object_component_ref idref="oc-380"/>
      </symbol>
      <symbol id="sm-626">
         <name>__TI_auto_init_nobinit_nopinit_hold_wdt</name>
         <value>0x12f02</value>
         <object_component_ref idref="oc-4e5"/>
      </symbol>
      <symbol id="sm-639">
         <name>__TI_zero_init_nomemset</name>
         <value>0x13216</value>
         <object_component_ref idref="oc-3b0"/>
      </symbol>
      <symbol id="sm-645">
         <name>_system_pre_init</name>
         <value>0x133e2</value>
         <object_component_ref idref="oc-427"/>
      </symbol>
      <symbol id="sm-64e">
         <name>_system_post_cinit</name>
         <value>0x133e6</value>
         <object_component_ref idref="oc-560"/>
      </symbol>
      <symbol id="sm-65f">
         <name>__TI_decompress_none</name>
         <value>0x13344</value>
         <object_component_ref idref="oc-73"/>
      </symbol>
      <symbol id="sm-682">
         <name>__TI_decompress_lzss</name>
         <value>0x12d5a</value>
         <object_component_ref idref="oc-6d"/>
      </symbol>
      <symbol id="sm-6a9">
         <name>__mspabi_addd</name>
         <value>0x115ae</value>
         <object_component_ref idref="oc-598"/>
      </symbol>
      <symbol id="sm-6c3">
         <name>__mspabi_cmpd</name>
         <value>0x129da</value>
         <object_component_ref idref="oc-5dd"/>
      </symbol>
      <symbol id="sm-6e4">
         <name>__mspabi_divd</name>
         <value>0x1229a</value>
         <object_component_ref idref="oc-5ad"/>
      </symbol>
      <symbol id="sm-6f4">
         <name>__mspabi_fixdul</name>
         <value>0x12e42</value>
         <object_component_ref idref="oc-52f"/>
      </symbol>
      <symbol id="sm-70c">
         <name>__mspabi_fltlid</name>
         <value>0x12c3c</value>
         <object_component_ref idref="oc-5d1"/>
      </symbol>
      <symbol id="sm-721">
         <name>__mspabi_fltuld</name>
         <value>0x12cda</value>
         <object_component_ref idref="oc-523"/>
      </symbol>
      <symbol id="sm-742">
         <name>__TI_frcaddd</name>
         <value>0x12052</value>
         <object_component_ref idref="oc-64b"/>
      </symbol>
      <symbol id="sm-75d">
         <name>__TI_frcdivd</name>
         <value>0x11148</value>
         <object_component_ref idref="oc-65b"/>
      </symbol>
      <symbol id="sm-77e">
         <name>__mspabi_mpyd</name>
         <value>0x11dec</value>
         <object_component_ref idref="oc-5c2"/>
      </symbol>
      <symbol id="sm-787">
         <name>__mspabi_negd</name>
         <value>0x1313e</value>
         <object_component_ref idref="oc-5b9"/>
      </symbol>
      <symbol id="sm-79b">
         <name>__TI_renormd</name>
         <value>0x12b8a</value>
         <object_component_ref idref="oc-6c0"/>
      </symbol>
      <symbol id="sm-7a4">
         <name>__mspabi_subd</name>
         <value>0x1310c</value>
         <object_component_ref idref="oc-5cb"/>
      </symbol>
      <symbol id="sm-7ae">
         <name>C$$EXIT</name>
         <value>0x133d0</value>
         <object_component_ref idref="oc-4c1"/>
      </symbol>
      <symbol id="sm-7af">
         <name>abort</name>
         <value>0x133d0</value>
         <object_component_ref idref="oc-4c1"/>
      </symbol>
      <symbol id="sm-7bf">
         <name>memcpy</name>
         <value>0x13330</value>
         <object_component_ref idref="oc-38c"/>
      </symbol>
      <symbol id="sm-7e0">
         <name>sprintf</name>
         <value>0x12f9e</value>
         <object_component_ref idref="oc-4b4"/>
      </symbol>
      <symbol id="sm-7ee">
         <name>strcasecmp</name>
         <value>0x130d6</value>
         <object_component_ref idref="oc-49b"/>
      </symbol>
      <symbol id="sm-7fb">
         <name>strcpy</name>
         <value>0x13356</value>
         <object_component_ref idref="oc-4a2"/>
      </symbol>
      <symbol id="sm-808">
         <name>tolower</name>
         <value>0x13368</value>
         <object_component_ref idref="oc-513"/>
      </symbol>
      <symbol id="sm-80f">
         <name>errno</name>
         <value>0x24b0</value>
         <object_component_ref idref="oc-5bf"/>
      </symbol>
      <symbol id="sm-818">
         <name>copysign</name>
         <value>0x1316c</value>
         <object_component_ref idref="oc-67a"/>
      </symbol>
      <symbol id="sm-819">
         <name>copysignl</name>
         <value>0x1316c</value>
         <object_component_ref idref="oc-67a"/>
      </symbol>
      <symbol id="sm-82b">
         <name>__TI_frcmpyd</name>
         <value>0x11b6c</value>
         <object_component_ref idref="oc-668"/>
      </symbol>
      <symbol id="sm-87f">
         <name>__TI_printfi_minimal</name>
         <value>0x12748</value>
         <object_component_ref idref="oc-545"/>
      </symbol>
      <symbol id="sm-889">
         <name>_ctypes_</name>
         <value>0x44e2</value>
         <object_component_ref idref="oc-582"/>
      </symbol>
      <symbol id="sm-898">
         <name>memccpy</name>
         <value>0x1327e</value>
         <object_component_ref idref="oc-69d"/>
      </symbol>
      <symbol id="sm-8a6">
         <name>memset</name>
         <value>0x132f0</value>
         <object_component_ref idref="oc-690"/>
      </symbol>
      <symbol id="sm-8b3">
         <name>strlen</name>
         <value>0x133aa</value>
         <object_component_ref idref="oc-5f5"/>
      </symbol>
      <symbol id="sm-8bd">
         <name>__mspabi_remu</name>
         <value>0x13306</value>
         <object_component_ref idref="oc-6e2"/>
      </symbol>
      <symbol id="sm-8be">
         <name>__mspabi_divu</name>
         <value>0x13306</value>
         <object_component_ref idref="oc-6e2"/>
      </symbol>
   </symbol_table>
   <title>Link successful</title>
</link_info>
